// Jest Snapshot v1, https://goo.gl/fbAQLP

exports[`composition with meta rules should correctly validate max/min numbers 1`] = `"Validation error: foo expected max got 1"`;
