// Jest Snapshot v1, https://goo.gl/fbAQLP

exports[`rule should add new rules to schema and allows to use it 1`] = `"m is not a function"`;

exports[`rule should add new rules to schema with custom error message and allows to use it 1`] = `"Given value must be even number, got 3"`;
